Staged reconstructed sources: 836 JS, 836 reports
Staged 6253 APK assets; omitted legacy SDK files: ShareSDK.xml, baseSdk.jar, plugins.ymn, usdk.cfg
warning: [options] source value 8 is obsolete and will be removed in a future release
warning: [options] target value 8 is obsolete and will be removed in a future release
warning: [options] To suppress warnings about obsolete options, use -Xlint:-options.
Note: Some input files use or override a deprecated API.
Note: Recompile with -Xlint:deprecation for details.
3 warnings
WARNING: A restricted method in java.lang.System has been called
WARNING: java.lang.System::loadLibrary has been called by org.conscrypt.NativeLibraryUtil in an unnamed module (file:/home/inkbottle/Android/Sdk/build-tools/36.0.0/lib/apksigner.jar)
WARNING: Use --enable-native-access=ALL-UNNAMED to avoid a warning for callers in this module
WARNING: Restricted methods will be blocked in a future release unless native access is enabled

WARNING: A restricted method in java.lang.System has been called
WARNING: java.lang.System::loadLibrary has been called by org.conscrypt.NativeLibraryUtil in an unnamed module (file:/home/inkbottle/Android/Sdk/build-tools/36.0.0/lib/apksigner.jar)
WARNING: Use --enable-native-access=ALL-UNNAMED to avoid a warning for callers in this module
WARNING: Restricted methods will be blocked in a future release unless native access is enabled

Verifies
Verified using v1 scheme (JAR signing): true
Verified using v2 scheme (APK Signature Scheme v2): true
Verified using v3 scheme (APK Signature Scheme v3): true
Verified using v3.1 scheme (APK Signature Scheme v3.1): false
Verified using v4 scheme (APK Signature Scheme v4): false
Verified for SourceStamp: false
Number of signers: 1
APK contents verified: 3704 resources, 55 data scripts, 781 original bytecode scripts, 836 reconstructed JS files and reports, 328 CCBI, 180 CocoStudio exports; third-party channel SDKs omitted; native library is a self-built ARMv7 ELF.
Built: /home/inkbottle/othersrc/android_playground/sgscq-reconstruction/ClientProject/proj.android/sgscq-rebuilt.apk
