Android NDK: WARNING:/home/inkbottle/othersrc/android_playground/sgscq-reconstruction/toolchain/cocos2d-x-2.2.6/cocos2dx/Android.mk:cocos2dx_static: LOCAL_LDLIBS is always ignored for static libraries    
Android NDK: WARNING:/home/inkbottle/othersrc/android_playground/sgscq-reconstruction/toolchain/cocos2d-x-2.2.6/scripting/javascript/bindings/Android.mk:scriptingcore-spidermonkey: LOCAL_LDLIBS is always ignored for static libraries    
make: Entering directory `/home/inkbottle/othersrc/android_playground/sgscq-reconstruction/ClientProject/proj.android'
[armeabi-v7a] Clean          : box2d_static [armeabi-v7a]
rm -rf ./obj/local/armeabi-v7a/libbox2d.a ./obj/local/armeabi-v7a/objs
[armeabi-v7a] Clean          : chipmunk_static [armeabi-v7a]
rm -rf ./obj/local/armeabi-v7a/libchipmunk.a ./obj/local/armeabi-v7a/objs
[armeabi-v7a] Clean          : cocos2djs_shared [armeabi-v7a]
rm -rf ./obj/local/armeabi-v7a/libcocos2djs.so ./obj/local/armeabi-v7a/objs
[armeabi-v7a] Clean          : cocos2dx_static [armeabi-v7a]
rm -rf ./obj/local/armeabi-v7a/libcocos2d.a ./obj/local/armeabi-v7a/objs
[armeabi-v7a] Clean          : cocos_crypto_static [armeabi-v7a]
rm -rf ./obj/local/armeabi-v7a/objs
[armeabi-v7a] Clean          : cocos_curl_static [armeabi-v7a]
rm -rf ./obj/local/armeabi-v7a/objs
[armeabi-v7a] Clean          : cocos_extension_static [armeabi-v7a]
rm -rf ./obj/local/armeabi-v7a/libextension.a ./obj/local/armeabi-v7a/objs
[armeabi-v7a] Clean          : cocos_jpeg_static [armeabi-v7a]
rm -rf ./obj/local/armeabi-v7a/objs
[armeabi-v7a] Clean          : cocos_libpng_static [armeabi-v7a]
rm -rf ./obj/local/armeabi-v7a/objs
[armeabi-v7a] Clean          : cocos_libtiff_static [armeabi-v7a]
rm -rf ./obj/local/armeabi-v7a/objs
[armeabi-v7a] Clean          : cocos_libwebp_static [armeabi-v7a]
rm -rf ./obj/local/armeabi-v7a/objs
[armeabi-v7a] Clean          : cocos_ssl_static [armeabi-v7a]
rm -rf ./obj/local/armeabi-v7a/objs
[armeabi-v7a] Clean          : cocosdenshion_static [armeabi-v7a]
rm -rf ./obj/local/armeabi-v7a/libcocosdenshion.a ./obj/local/armeabi-v7a/objs
[armeabi-v7a] Clean          : cpufeatures [armeabi-v7a]
rm -rf ./obj/local/armeabi-v7a/libcpufeatures.a ./obj/local/armeabi-v7a/objs
[armeabi-v7a] Clean          : gnustl_shared [armeabi-v7a]
rm -rf ./obj/local/armeabi-v7a/libgnustl_shared.so ./obj/local/armeabi-v7a/objs
[armeabi-v7a] Clean          : gnustl_static [armeabi-v7a]
rm -rf ./obj/local/armeabi-v7a/objs
[armeabi-v7a] Clean          : scriptingcore-spidermonkey [armeabi-v7a]
rm -rf ./obj/local/armeabi-v7a/libscriptingcore-spidermonkey.a ./obj/local/armeabi-v7a/objs
[armeabi-v7a] Clean          : spidermonkey_static [armeabi-v7a]
rm -rf ./obj/local/armeabi-v7a/objs
[armeabi-v7a] Clean          : websockets_static [armeabi-v7a]
rm -rf ./obj/local/armeabi-v7a/objs
rm -f  
rm -f   
rm -f ./libs/arm64-v8a/lib*.so ./libs/armeabi/lib*.so ./libs/armeabi-v7a/lib*.so ./libs/armeabi-v7a-hard/lib*.so ./libs/mips/lib*.so ./libs/mips64/lib*.so ./libs/x86/lib*.so ./libs/x86_64/lib*.so
rm -f ./libs/arm64-v8a/gdbserver ./libs/armeabi/gdbserver ./libs/armeabi-v7a/gdbserver ./libs/armeabi-v7a-hard/gdbserver ./libs/mips/gdbserver ./libs/mips64/gdbserver ./libs/x86/gdbserver ./libs/x86_64/gdbserver
rm -f ./libs/arm64-v8a/gdb.setup ./libs/armeabi/gdb.setup ./libs/armeabi-v7a/gdb.setup ./libs/armeabi-v7a-hard/gdb.setup ./libs/mips/gdb.setup ./libs/mips64/gdb.setup ./libs/x86/gdb.setup ./libs/x86_64/gdb.setup
make: Leaving directory `/home/inkbottle/othersrc/android_playground/sgscq-reconstruction/ClientProject/proj.android'
