/home/inkbottle/othersrc/android_playground/sgscq-reconstruction/toolchain/bindings-generator-2b9026/generator.py:680: YAMLLoadWarning: calling yaml.load() without Loader=... is deprecated, as the default Loader is unsafe. Please read https://msg.pyyaml.org/load for full details.
  data = yaml.load(stream)
Using userconfig 
  [('androidndkdir', '/home/inkbottle/othersrc/android_playground/sgscq-reconstruction/toolchain/android-ndk-r10e'), ('clangllvmdir', '/home/inkbottle/othersrc/android_playground/sgscq-reconstruction/toolchain/bindings-generator-2b9026/compat-clang'), ('cocosdir', '/home/inkbottle/othersrc/android_playground/sgscq-reconstruction/toolchain/cocos2d-x-2.2.6'), ('cxxgeneratordir', '/home/inkbottle/othersrc/android_playground/sgscq-reconstruction/toolchain/bindings-generator-2b9026'), ('extra_flags', '-target arm-linux-androideabi')]
processing all sections

.... Generating bindings for target spidermonkey

.... .... Processing section cocos2d-x 

====
Errors in parsing headers:
1. <severity = Warning,
    location = <SourceLocation file '/home/inkbottle/othersrc/android_playground/sgscq-reconstruction/toolchain/bindings-generator-2b9026/compat-clang/lib/clang/3.1/include/float.h', line 86, column 9>,
    details = "'FLT_DIG' macro redefined">
2. <severity = Warning,
    location = <SourceLocation file '/home/inkbottle/othersrc/android_playground/sgscq-reconstruction/toolchain/bindings-generator-2b9026/compat-clang/lib/clang/3.1/include/float.h', line 87, column 9>,
    details = "'DBL_DIG' macro redefined">
3. <severity = Warning,
    location = <SourceLocation file '/home/inkbottle/othersrc/android_playground/sgscq-reconstruction/toolchain/bindings-generator-2b9026/compat-clang/lib/clang/3.1/include/float.h', line 106, column 9>,
    details = "'FLT_MAX' macro redefined">
4. <severity = Warning,
    location = <SourceLocation file '/home/inkbottle/othersrc/android_playground/sgscq-reconstruction/toolchain/bindings-generator-2b9026/compat-clang/lib/clang/3.1/include/float.h', line 107, column 9>,
    details = "'DBL_MAX' macro redefined">
5. <severity = Warning,
    location = <SourceLocation file '/home/inkbottle/othersrc/android_playground/sgscq-reconstruction/toolchain/bindings-generator-2b9026/compat-clang/lib/clang/3.1/include/float.h', line 114, column 9>,
    details = "'FLT_MIN' macro redefined">
6. <severity = Warning,
    location = <SourceLocation file '/home/inkbottle/othersrc/android_playground/sgscq-reconstruction/toolchain/bindings-generator-2b9026/compat-clang/lib/clang/3.1/include/float.h', line 115, column 9>,
    details = "'DBL_MIN' macro redefined">
====

TRACE CCSet CursorKind.CLASS_DECL True 0 True
TRACE CCGLProgram CursorKind.CLASS_DECL True 0 True
TRACE CCGLProgram CursorKind.CLASS_DECL False 45 True
TRACE CCSet CursorKind.CLASS_DECL False 19 True
TRACE CCGLProgram CursorKind.CLASS_DECL False 0 True
TRACE CCCamera CursorKind.CLASS_DECL True 0 True
TRACE CCScheduler CursorKind.CLASS_DECL True 0 True
TRACE CCCamera CursorKind.CLASS_DECL False 0 True
TRACE CCSet CursorKind.CLASS_DECL False 0 True
TRACE CCCamera CursorKind.CLASS_DECL False 33 True
TRACE CCScheduler CursorKind.CLASS_DECL False 0 True
TRACE CCGLProgram CursorKind.CLASS_DECL False 0 True
TRACE CCSet CursorKind.CLASS_DECL False 0 True
TRACE CCSet CursorKind.CLASS_DECL False 0 True
TRACE CCGLProgram CursorKind.CLASS_DECL False 0 True
TRACE CCSet CursorKind.CLASS_DECL False 0 True
TRACE CCSet CursorKind.CLASS_DECL False 0 True
TRACE CCScheduler CursorKind.CLASS_DECL False 39 True
/home/inkbottle/othersrc/android_playground/sgscq-reconstruction/toolchain/bindings-generator-2b9026/generator.py:680: YAMLLoadWarning: calling yaml.load() without Loader=... is deprecated, as the default Loader is unsafe. Please read https://msg.pyyaml.org/load for full details.
  data = yaml.load(stream)
Using userconfig 
  [('androidndkdir', '/home/inkbottle/othersrc/android_playground/sgscq-reconstruction/toolchain/android-ndk-r10e'), ('clangllvmdir', '/home/inkbottle/othersrc/android_playground/sgscq-reconstruction/toolchain/bindings-generator-2b9026/compat-clang'), ('cocosdir', '/home/inkbottle/othersrc/android_playground/sgscq-reconstruction/toolchain/cocos2d-x-2.2.6'), ('cxxgeneratordir', '/home/inkbottle/othersrc/android_playground/sgscq-reconstruction/toolchain/bindings-generator-2b9026'), ('extra_flags', '-target arm-linux-androideabi')]
processing all sections

.... Generating bindings for target spidermonkey

.... .... Processing section cocos2dx_extension 

====
Errors in parsing headers:
1. <severity = Warning,
    location = <SourceLocation file '/home/inkbottle/othersrc/android_playground/sgscq-reconstruction/toolchain/bindings-generator-2b9026/compat-clang/lib/clang/3.1/include/float.h', line 86, column 9>,
    details = "'FLT_DIG' macro redefined">
2. <severity = Warning,
    location = <SourceLocation file '/home/inkbottle/othersrc/android_playground/sgscq-reconstruction/toolchain/bindings-generator-2b9026/compat-clang/lib/clang/3.1/include/float.h', line 87, column 9>,
    details = "'DBL_DIG' macro redefined">
3. <severity = Warning,
    location = <SourceLocation file '/home/inkbottle/othersrc/android_playground/sgscq-reconstruction/toolchain/bindings-generator-2b9026/compat-clang/lib/clang/3.1/include/float.h', line 106, column 9>,
    details = "'FLT_MAX' macro redefined">
4. <severity = Warning,
    location = <SourceLocation file '/home/inkbottle/othersrc/android_playground/sgscq-reconstruction/toolchain/bindings-generator-2b9026/compat-clang/lib/clang/3.1/include/float.h', line 107, column 9>,
    details = "'DBL_MAX' macro redefined">
5. <severity = Warning,
    location = <SourceLocation file '/home/inkbottle/othersrc/android_playground/sgscq-reconstruction/toolchain/bindings-generator-2b9026/compat-clang/lib/clang/3.1/include/float.h', line 114, column 9>,
    details = "'FLT_MIN' macro redefined">
6. <severity = Warning,
    location = <SourceLocation file '/home/inkbottle/othersrc/android_playground/sgscq-reconstruction/toolchain/bindings-generator-2b9026/compat-clang/lib/clang/3.1/include/float.h', line 115, column 9>,
    details = "'DBL_MIN' macro redefined">
====

TRACE CCSet CursorKind.CLASS_DECL True 0 False
TRACE CCGLProgram CursorKind.CLASS_DECL True 0 False
TRACE CCGLProgram CursorKind.CLASS_DECL False 45 False
TRACE CCSet CursorKind.CLASS_DECL False 19 False
TRACE CCGLProgram CursorKind.CLASS_DECL False 0 False
TRACE CCCamera CursorKind.CLASS_DECL True 0 False
TRACE CCScheduler CursorKind.CLASS_DECL True 0 False
TRACE CCCamera CursorKind.CLASS_DECL False 0 False
TRACE CCSet CursorKind.CLASS_DECL False 0 False
TRACE CCCamera CursorKind.CLASS_DECL False 33 False
TRACE CCScheduler CursorKind.CLASS_DECL False 0 False
TRACE CCGLProgram CursorKind.CLASS_DECL False 0 False
TRACE CCSet CursorKind.CLASS_DECL False 0 False
TRACE CCSet CursorKind.CLASS_DECL False 0 False
TRACE CCGLProgram CursorKind.CLASS_DECL False 0 False
TRACE CCSet CursorKind.CLASS_DECL False 0 False
TRACE CCSet CursorKind.CLASS_DECL False 0 False
TRACE CCScheduler CursorKind.CLASS_DECL False 39 False
/home/inkbottle/othersrc/android_playground/sgscq-reconstruction/toolchain/bindings-generator-2b9026/generator.py:680: YAMLLoadWarning: calling yaml.load() without Loader=... is deprecated, as the default Loader is unsafe. Please read https://msg.pyyaml.org/load for full details.
  data = yaml.load(stream)
Using userconfig 
  [('androidndkdir', '/home/inkbottle/othersrc/android_playground/sgscq-reconstruction/toolchain/android-ndk-r10e'), ('clangllvmdir', '/home/inkbottle/othersrc/android_playground/sgscq-reconstruction/toolchain/bindings-generator-2b9026/compat-clang'), ('cocosdir', '/home/inkbottle/othersrc/android_playground/sgscq-reconstruction/toolchain/cocos2d-x-2.2.6'), ('cxxgeneratordir', '/home/inkbottle/othersrc/android_playground/sgscq-reconstruction/toolchain/bindings-generator-2b9026'), ('extra_flags', '-target arm-linux-androideabi')]
processing all sections

.... Generating bindings for target spidermonkey

.... .... Processing section cocos2dx_studio 

====
Errors in parsing headers:
1. <severity = Warning,
    location = <SourceLocation file '/home/inkbottle/othersrc/android_playground/sgscq-reconstruction/toolchain/bindings-generator-2b9026/compat-clang/lib/clang/3.1/include/float.h', line 86, column 9>,
    details = "'FLT_DIG' macro redefined">
2. <severity = Warning,
    location = <SourceLocation file '/home/inkbottle/othersrc/android_playground/sgscq-reconstruction/toolchain/bindings-generator-2b9026/compat-clang/lib/clang/3.1/include/float.h', line 87, column 9>,
    details = "'DBL_DIG' macro redefined">
3. <severity = Warning,
    location = <SourceLocation file '/home/inkbottle/othersrc/android_playground/sgscq-reconstruction/toolchain/bindings-generator-2b9026/compat-clang/lib/clang/3.1/include/float.h', line 106, column 9>,
    details = "'FLT_MAX' macro redefined">
4. <severity = Warning,
    location = <SourceLocation file '/home/inkbottle/othersrc/android_playground/sgscq-reconstruction/toolchain/bindings-generator-2b9026/compat-clang/lib/clang/3.1/include/float.h', line 107, column 9>,
    details = "'DBL_MAX' macro redefined">
5. <severity = Warning,
    location = <SourceLocation file '/home/inkbottle/othersrc/android_playground/sgscq-reconstruction/toolchain/bindings-generator-2b9026/compat-clang/lib/clang/3.1/include/float.h', line 114, column 9>,
    details = "'FLT_MIN' macro redefined">
6. <severity = Warning,
    location = <SourceLocation file '/home/inkbottle/othersrc/android_playground/sgscq-reconstruction/toolchain/bindings-generator-2b9026/compat-clang/lib/clang/3.1/include/float.h', line 115, column 9>,
    details = "'DBL_MIN' macro redefined">
====

TRACE CCSet CursorKind.CLASS_DECL True 0 False
TRACE CCGLProgram CursorKind.CLASS_DECL True 0 False
TRACE CCGLProgram CursorKind.CLASS_DECL False 45 False
TRACE CCSet CursorKind.CLASS_DECL False 19 False
TRACE CCGLProgram CursorKind.CLASS_DECL False 0 False
TRACE CCCamera CursorKind.CLASS_DECL True 0 False
TRACE CCScheduler CursorKind.CLASS_DECL True 0 False
TRACE CCCamera CursorKind.CLASS_DECL False 0 False
TRACE CCSet CursorKind.CLASS_DECL False 0 False
TRACE CCCamera CursorKind.CLASS_DECL False 33 False
TRACE CCScheduler CursorKind.CLASS_DECL False 0 False
TRACE CCGLProgram CursorKind.CLASS_DECL False 0 False
TRACE CCSet CursorKind.CLASS_DECL False 0 False
TRACE CCSet CursorKind.CLASS_DECL False 0 False
TRACE CCGLProgram CursorKind.CLASS_DECL False 0 False
TRACE CCSet CursorKind.CLASS_DECL False 0 False
TRACE CCSet CursorKind.CLASS_DECL False 0 False
TRACE CCScheduler CursorKind.CLASS_DECL False 39 False
Generated Cocos2d-x 2.2.6 JSB bindings in /home/inkbottle/othersrc/android_playground/sgscq-reconstruction/toolchain/cocos2d-x-2.2.6/scripting/javascript/bindings/generated
